
> workflow-engine-backend@1.0.0 build
> nest build

node.exe : [96msrc/execu
tion/execution.module.ts
[0m:[93m4[0m:[93m29[0
m - [91merror[0m[90m 
TS2307: [0mCannot find 
module 
'../queue/queue.module' 
or its corresponding 
type declarations.
At line:1 char:1
+ & "C:\Program 
Files\nodejs/node.exe" 
"C:\Program 
Files\nodejs/node_mo ...
+ ~~~~~~~~~~~~~~~~~~~~~~~
~~~~~~~~~~~~~~~~~~~~~~~~~
~~~~~~~~~~~~~~~~~~~~~
    + CategoryInfo       
       : NotSpecified:   
  ([96msrc/execut...e   
  declarations.:Strin    
g) [], RemoteExcepti    
on
    + FullyQualifiedErro 
   rId : NativeCommandE  
  rror
 

[7m4[0m import { 
QueueModule } from 
'../queue/queue.module';
[7m [0m [91m          
                  ~~~~~~~
~~~~~~~~~~~~~~~~[0m
[96msrc/execution/execut
ion.module.ts[0m:[93m5
[0m:[93m34[0m - 
[91merror[0m[90m 
TS2307: [0mCannot find 
module '../rule-engine/ru
le-engine.module' or its 
corresponding type 
declarations.

[7m5[0m import { 
RuleEngineModule } from '
../rule-engine/rule-engin
e.module';
[7m [0m [91m          
                       ~~
~~~~~~~~~~~~~~~~~~~~~~~~~
~~~~~~~~[0m

Found 2 error(s).

