
> workflow-engine-backend@1.0.0 test
> jest src/execution/execution.service.spec.ts --verbose

node.exe : 
[31m[Nest] 42928  - 
[39m16/03/2026, 
8:52:09 pm [31m  
ERROR[39m [38;5;3m[
ExecutionService] 
[39m[31mStep Send 
Welcome Email failed 
in execution 
exec-uuid-1: Loop 
detected: Step "Send 
Welcome Email" 
executed 11 times, 
exceeding limit of 
10.[39m
At line:1 char:1
+ & "C:\Program Files
\nodejs/node.exe" 
"C:\Program 
Files\nodejs/node_mo 
...
+ ~~~~~~~~~~~~~~~~~~~
~~~~~~~~~~~~~~~~~~~~~
~~~~~~~~~~~~~~~~~~~~~
~~~~~~~~
    + CategoryInfo   
           : 
NotSpecified:     
([31m[Nest] 429...m 
   it of 
10.[39m:Strin    g) 
[], RemoteExcepti    
on
    + 
FullyQualifiedErro   
 rId : 
NativeCommandE    
rror
 
[31m[Nest] 42928  - 
[39m16/03/2026, 
8:52:09 pm [31m  
ERROR[39m [38;5;3m[
ExecutionService] 
[39m[31mStep Send 
Welcome Email failed 
in execution 
exec-uuid-1: JEXL 
eval failed[39m
FAIL src/execution/ex
ecution.service.spec.
ts
  ExecutionService
    ΓêÜ should be 
defined (9 ms)
    startExecution
      ΓêÜ should 
start workflow 
execution (3 ms)
      ├ù should 
throw if workflow 
has no start step 
(20 ms)
      ΓêÜ should 
validate input 
against workflow 
schema (2 ms)
      ΓêÜ should 
call schemaValidation
.validate with 
workflow inputSchema 
(1 ms)
      ΓêÜ should not 
create execution if 
schemaValidation 
throws (2 ms)
    processStep - 
execute first step
      ΓêÜ should 
execute first step 
(1 ms)
    processStep - 
rule evaluation
      ΓêÜ should 
evaluate rules and 
select next step (2 
ms)
    processStep - 
completion
      ΓêÜ should end 
workflow when 
next_step_id null (1 
ms)
      ΓêÜ should 
complete when 
matched rule has 
null nextStepId (1 
ms)
    retryStep
      ΓêÜ should 
retry failed step (1 
ms)
      ΓêÜ should 
throw 
NotFoundException 
for non-existent 
execution (1 ms)
      ΓêÜ should 
throw if execution 
is not in FAILED 
state (1 ms)
    cancelExecution
      ΓêÜ should 
cancel execution (1 
ms)
      ΓêÜ should 
throw 
NotFoundException 
for non-existent 
execution (1 ms)
    processStep - 
loop detection
      ΓêÜ should 
allow step within 
iteration limit (1 
ms)
      ΓêÜ should 
fail execution when 
a step is visited 
more than 
MAX_LOOP_ITERATIONS 
times (2 ms)
    processStep - 
logging
      ΓêÜ should log 
step execution (2 ms)
      ΓêÜ should log 
FAILED status when 
step processing 
throws (1 ms)

  ΓùÅ 
ExecutionService ΓÇ║ 
startExecution ΓÇ║ 
should throw if 
workflow has no 
start step

    expect(received).
rejects.toThrow(expec
ted)

    Expected 
constructor: 
NotFoundException
    Received 
constructor: 
TypeError

    Received 
message: "this.prisma
.step.findFirst is 
not a function"

        [0m [90m 
47 |[39m     
[90m// Resilient 
fallback: If 
startStepId is null, 
try to find the step 
with order: 1[39m
         [90m 48 
|[39m     
[36mif[39m ([33m!
[39mstartStepId) {
        [31m[1m>[2
2m[39m[90m 49 
|[39m       
[36mconst[39m 
firstStep 
[33m=[39m 
[36mawait[39m [36m
this[39m[33m.[39mp
risma[33m.[39mstep
[33m.[39mfindFirst({
         [90m    
|[39m               
                     
            
[31m[1m^[22m[39m
         [90m 50 
|[39m         
where[33m:[39m { wo
rkflowId[33m,[39m 
order[33m:[39m 
[35m1[39m 
}[33m,[39m
         [90m 51 
|[39m       
})[33m;[39m
         [90m 52 
|[39m[0m

      at ExecutionSer
vice.startExecution (
execution/execution.s
ervice.ts:49:48)
      at 
Object.<anonymous> (e
xecution/execution.se
rvice.spec.ts:158:7)
      at 
Object.toThrow (../no
de_modules/expect/bui
ld/index.js:218:22)
      at 
Object.<anonymous> (e
xecution/execution.se
rvice.spec.ts:160:17)

Test Suites: 1 
failed, 1 total
Tests:       1 
failed, 18 passed, 
19 total
Snapshots:   0 total
Time:        2.38 s, 
estimated 3 s
Ran all test suites 
matching /src\\execut
ion\\execution.servic
e.spec.ts/i.
